---
source: arc-script-core/tests/insta/mod.rs
expression: s
input_file: arc-script-core/tests/insta/snapshot-tests/path.arc
---
fun main() {
    let x = 1 in
    let y = x in
    ()
}

