---
source: arc-script-core/tests/insta/mod.rs
expression: s
input_file: arc-script-core/tests/insta/snapshot-tests/if_let.arc
---
-- DFG
Sources:
Sinks:
Edges:


