---
source: arc-script-test/insta/src/lib.rs
expression: s
input_file: arc-script-test/insta/src/expect-pass/structs.arc
---
fun test() {
    let x = { a: { c: 1, b: 5 }, xyz: 2, d: { b: 4, c: 2 } } in
    unit
}

