---
source: arc-script-test/insta/src/lib.rs
expression: s
input_file: arc-script-test/insta/src/expect-pass/enum-pattern.arc
---
use arcon::prelude::*;
arcorn::declare_enum! { enum Option { Option_Some (i32) , Option_None (()) } }
pub fn x_3() -> () {
    ()
}
pub fn main() -> () {
    let x_0: Option = Option_Some(5i32);
    if arcorn::is!(x_0, Option_Some) {
        let x_2: i32 = arcorn::unwrap!(x_0, Option_Some);
        ()
    } else {
        x_3()
    }
}


