---
source: arc-script-test/compile/src/insta.rs
expression: s
input_file: arc-script-test/compile/src/tests/expect_pass/basic_by.arc

---
#[allow(non_snake_case)]
#[allow(unused_must_use)]
#[allow(dead_code)]
#[allow(unused_variables)]
#[allow(unused_imports)]
#[allow(unused_braces)]
pub mod defs {
    use super::*;
    pub use arc_script::arcorn;
    pub use arc_script::arcorn::state::{ArcMapOps, ArcRefOps, ArcSetOps, ArcVecOps};
    pub use arcon::prelude::*;
    pub fn test() -> i32 {
        let y_1_0 = 1i32;
        let y_1_1 = 2i32;
        let y_1_2 = Struct3keyi323vali32End {
            val: y_1_0,
            key: y_1_1,
        };
        let y_1_3 = y_1_2.val;
        let y_1_4 = y_1_2.key;
        let y_1_5 = y_1_3 + y_1_4;
        y_1_5
    }
    #[arcorn::rewrite]
    #[derive(Copy)]
    pub struct Struct3keyi323vali32End {
        key: i32,
        val: i32,
    }
}
pub use defs::*;


